# total_frames:1 beg:0 end:0 stride:1 interaction_types:hp,sb,pc,ps,ts,vdw,hb
# Columns: frame, interaction_type, atom_1, atom_2[, atom_3[, atom_4]]
0	sb	A:ASP:255:OD1	B:ARG:408:NH1
0	sb	A:ASP:255:OD2	B:ARG:408:NH1
0	sb	A:ARG:408:NH1	B:ASP:255:OD2
0	sb	A:LYS:264:NZ	B:GLU:320:OE1
0	sb	A:LYS:264:NZ	B:GLU:320:OE2
0	ps	A:PHE:256:CE1	B:PHE:256:CE1
0	vdw	A:ARG:262:NH1	B:ASN:396:O
0	vdw	A:ARG:262:NH1	B:HOH:1196:O
0	vdw	A:ARG:262:NH1	B:ARG:408:O
0	vdw	A:ARG:262:NH1	B:MET:400:SD
0	vdw	A:ARG:262:NH1	B:MET:400:CG
0	vdw	A:HOH:1118:O	B:HOH:1181:O
0	vdw	A:HOH:1118:O	B:PHE:401:CZ
0	vdw	A:EDO:1004:O2	B:HOH:1165:O
0	vdw	A:EDO:1004:O2	B:PHE:256:CB
0	vdw	A:EDO:1004:O2	B:PHE:401:CE1
0	vdw	A:HOH:1118:O	B:PHE:401:CE1
0	vdw	A:LEU:263:CD2	B:PHE:397:CD1
0	vdw	A:LEU:263:CD2	B:LYS:393:CG
0	vdw	A:SER:259:OG	B:MET:400:CB
0	vdw	A:SER:259:OG	B:MET:400:CG
0	vdw	A:SER:259:OG	B:MET:400:CE
0	vdw	A:SER:259:CB	B:PHE:256:CE1
0	vdw	A:ASP:255:OD2	B:ARG:408:NH1
0	vdw	A:HOH:1166:O	B:ARG:408:NH1
0	vdw	A:ASP:255:CG	B:HOH:1181:O
0	vdw	A:ASP:255:OD2	B:HOH:1181:O
0	vdw	A:HOH:1327:O	B:VAL:405:CG2
0	vdw	A:HOH:1306:O	B:HOH:1216:O
0	vdw	A:HOH:1306:O	B:HOH:1119:O
0	vdw	A:ARG:262:CZ	B:MET:400:SD
0	vdw	A:ARG:262:CD	B:MET:400:CG
0	vdw	A:ARG:262:CZ	B:MET:400:CG
0	vdw	A:ARG:262:CD	B:ASN:396:O
0	vdw	A:ARG:262:CD	B:HOH:1196:O
0	vdw	A:ARG:262:NE	B:HOH:1196:O
0	vdw	A:ARG:262:CZ	B:HOH:1196:O
0	vdw	A:ARG:262:CZ	B:ARG:408:O
0	vdw	A:GLY:291:CA	B:CME:409:SG
0	vdw	A:HOH:1142:O	B:HOH:1216:O
0	vdw	A:HOH:1142:O	B:LYS:393:CA
0	vdw	A:HOH:1142:O	B:ASN:396:CG
0	vdw	A:HOH:1142:O	B:ASN:396:ND2
0	vdw	A:HOH:1142:O	B:ASN:396:CB
0	vdw	A:ARG:288:CD	B:HOH:1141:O
0	vdw	A:ARG:288:NE	B:HOH:1141:O
0	vdw	A:ARG:288:CB	B:HOH:1196:O
0	vdw	A:ARG:288:CB	B:GLU:411:CG
0	vdw	A:ARG:288:CD	B:GLU:411:CD
0	vdw	A:ARG:288:CA	B:HOH:1196:O
0	vdw	A:ARG:288:C	B:HOH:1196:O
0	vdw	A:ARG:288:O	B:GLY:410:C
0	vdw	A:ARG:288:O	B:GLY:410:O
0	vdw	A:ARG:288:O	B:HOH:1196:O
0	vdw	A:ARG:262:NH2	B:ARG:408:C
0	vdw	A:ARG:262:NH2	B:ARG:408:O
0	vdw	A:ARG:288:O	B:GLY:410:N
0	vdw	A:ARG:288:O	B:GLY:410:CA
0	vdw	A:THR:290:CA	B:CME:409:SG
0	vdw	A:THR:290:C	B:CME:409:SG
0	vdw	A:GLY:291:N	B:CME:409:SG
0	vdw	A:HOH:1130:O	B:CME:409:SG
0	vdw	A:HOH:1130:O	B:CME:409:CE
0	vdw	A:HOH:1130:O	B:CME:409:CZ
0	vdw	A:HOH:1179:O	B:GLU:411:OE1
0	vdw	A:GLN:289:NE2	B:HOH:1180:O
0	vdw	A:GLN:289:O	B:CME:409:CB
0	vdw	A:GLN:289:O	B:CME:409:SG
0	vdw	A:HOH:1265:O	B:HOH:1128:O
0	vdw	A:VAL:405:CG2	B:GLY:291:O
0	vdw	A:VAL:405:CG2	B:HOH:1124:O
0	vdw	A:HOH:1150:O	B:ASP:255:OD2
0	vdw	A:HOH:1150:O	B:ASP:255:CG
0	vdw	A:MET:400:CE	B:LEU:258:CD2
0	vdw	A:ARG:408:NH1	B:ASP:255:OD2
0	vdw	A:ARG:408:NH1	B:HOH:1136:O
0	vdw	A:HOH:1230:O	B:HOH:1136:O
0	vdw	A:ARG:408:NH1	B:HOH:1124:O
0	vdw	A:HOH:1154:O	B:SER:259:OG
0	vdw	A:EDO:1004:C1	B:HOH:1165:O
0	vdw	A:EDO:1004:C1	B:PHE:256:N
0	vdw	A:HOH:1154:O	B:ASP:255:CB
0	vdw	A:PHE:256:CD2	B:PHE:256:CD1
0	vdw	A:PHE:256:CD2	B:PHE:256:CE1
0	vdw	A:PHE:256:CE2	B:PHE:256:CG
0	vdw	A:PHE:256:CE2	B:PHE:256:CD1
0	vdw	A:PHE:256:CE2	B:PHE:256:CE1
0	vdw	A:PHE:256:CE2	B:SER:259:CB
0	vdw	A:PHE:256:CE2	B:PHE:260:N
0	vdw	A:PHE:256:CE2	B:PHE:256:CZ
0	vdw	A:PHE:256:CE2	B:PHE:256:O
0	vdw	A:LEU:263:CD1	B:PHE:256:CE2
0	vdw	A:LEU:263:CD1	B:PHE:256:CZ
0	vdw	A:LEU:263:CD1	B:VAL:318:O
0	vdw	A:PHE:256:O	B:PHE:256:CE1
0	vdw	A:PHE:260:N	B:PHE:256:CE1
0	vdw	A:LEU:263:CA	B:LYS:393:CD
0	vdw	A:LEU:263:O	B:LYS:393:CD
0	vdw	A:LEU:263:O	B:HOH:1179:O
0	vdw	A:LEU:258:CD2	B:MET:400:SD
0	vdw	A:LEU:258:CD2	B:MET:400:CE
0	vdw	A:CME:409:CB	B:GLN:289:O
0	vdw	A:CME:409:SG	B:GLN:289:O
0	vdw	A:CME:409:SG	B:THR:290:CA
0	vdw	A:CME:409:SG	B:THR:290:C
0	vdw	A:CME:409:SG	B:GLY:291:N
0	vdw	A:CME:409:SG	B:GLY:291:CA
0	vdw	A:CME:409:SG	B:HOH:1128:O
0	vdw	A:CME:409:SD	B:HOH:1128:O
0	vdw	A:MET:400:SD	B:ARG:262:CZ
0	vdw	A:ARG:408:O	B:ARG:262:CZ
0	vdw	A:ARG:408:O	B:ARG:262:NH2
0	vdw	A:ARG:408:O	B:ARG:262:NH1
0	vdw	A:MET:400:SD	B:LEU:258:CD2
0	vdw	A:MET:400:CG	B:SER:259:OG
0	vdw	A:MET:400:CG	B:ARG:262:NH1
0	vdw	A:MET:400:CB	B:SER:259:OG
0	vdw	A:PHE:260:CE2	B:PHE:260:CE2
0	vdw	A:PHE:256:CE1	B:LEU:263:CD1
0	vdw	A:PHE:256:CZ	B:LEU:263:CD1
0	vdw	A:PHE:256:CZ	B:PHE:256:CE1
0	vdw	A:LYS:264:NZ	B:GLU:320:OE2
0	vdw	A:LYS:264:NZ	B:GLU:320:CD
0	vdw	A:LYS:264:NZ	B:GLU:320:OE1
0	vdw	A:HOH:1303:O	B:ARG:288:CB
0	vdw	A:GLY:410:N	B:ARG:288:O
0	vdw	A:GLY:410:CA	B:ARG:288:O
0	vdw	A:GLY:410:C	B:ARG:288:O
0	vdw	A:HOH:1287:O	B:ARG:288:CB
0	vdw	A:HOH:1287:O	B:ARG:288:CG
0	vdw	A:HOH:1287:O	B:ARG:262:NH1
0	vdw	A:HOH:1287:O	B:ARG:288:O
0	vdw	A:HOH:1287:O	B:ARG:288:CA
0	vdw	A:HOH:1287:O	B:ARG:262:NE
0	vdw	A:HOH:1287:O	B:ARG:262:CZ
0	vdw	A:HOH:1287:O	B:ARG:262:NH2
0	vdw	A:HOH:1287:O	B:ARG:262:CD
0	vdw	A:HOH:1109:O	B:ARG:262:NH1
0	vdw	A:ASN:396:CB	B:HOH:1135:O
0	vdw	A:ASN:396:O	B:ARG:262:NH1
0	vdw	A:ASN:396:O	B:ARG:262:CD
0	vdw	A:PHE:397:CD1	B:LEU:263:CD2
0	vdw	A:GLU:320:OE1	B:HOH:1168:O
0	vdw	A:GLU:320:CD	B:HOH:1168:O
0	vdw	A:HOH:1157:O	B:HOH:1168:O
0	vdw	A:HOH:1157:O	B:LEU:263:CB
0	vdw	A:HOH:1157:O	B:LYS:264:NZ
0	vdw	A:GLU:320:CG	B:HOH:1168:O
0	vdw	A:GLU:411:CG	B:ARG:288:CB
0	vdw	A:GLU:411:CD	B:ARG:288:CD
0	vdw	A:HOH:1182:O	B:ARG:288:CD
0	vdw	A:HOH:1182:O	B:ARG:288:NE
0	vdw	A:HOH:1182:O	B:HOH:1135:O
0	vdw	A:ASN:396:ND2	B:HOH:1135:O
0	vdw	A:HOH:1308:O	B:ARG:288:NH2
0	vdw	A:HOH:1297:O	B:HOH:1135:O
0	vdw	A:LYS:393:CA	B:HOH:1135:O
0	vdw	A:LYS:393:CD	B:LEU:263:CA
0	vdw	A:LYS:393:CD	B:LEU:263:O
0	vdw	A:LYS:393:CD	B:HOH:1168:O
0	vdw	A:LYS:393:CE	B:HOH:1168:O
0	vdw	A:LYS:393:NZ	B:HOH:1168:O
0	vdw	A:PHE:319:CD1	B:LEU:263:CD2
0	vdw	A:PHE:319:CE1	B:LEU:263:CD2
0	hbsb	A:ASN:396:O	B:ARG:262:NH1
0	hbss	A:LYS:264:NZ	B:GLU:320:OE2
0	hbbb	A:ARG:288:O	B:GLY:410:N
0	hbsb	A:ARG:262:NH2	B:ARG:408:O
0	hbsb	A:ARG:408:O	B:ARG:262:NH2
0	hbss	A:LYS:264:NZ	B:GLU:320:OE1
0	hbsb	A:ARG:262:NH1	B:ASN:396:O
0	hbss	A:ASP:255:OD2	B:ARG:408:NH1
0	hbbb	A:GLY:410:N	B:ARG:288:O
0	hbss	A:ARG:408:NH1	B:ASP:255:OD2
0	hbsb	A:ARG:408:O	B:ARG:262:NH1
0	hbsb	A:ARG:262:NH1	B:ARG:408:O
0	wb	A:GLN:289:NE2	B:GLU:411:OE1	A:HOH:1179:O
0	wb	A:GLU:411:OE1	B:ARG:288:NE	A:HOH:1182:O
0	wb2	A:ASP:389:OD1	B:ARG:288:NE	A:HOH:1182:O	A:HOH:1297:O
0	wb2	A:ASN:396:ND2	B:ARG:288:NE	A:HOH:1182:O	B:HOH:1135:O
0	wb2	A:GLU:411:OE1	B:ARG:288:NH2	A:HOH:1182:O	B:HOH:1135:O
0	wb2	A:GLU:411:OE1	B:ARG:262:O	A:HOH:1182:O	B:HOH:1135:O
0	wb2	A:ARG:408:NH2	B:ASP:255:OD2	A:HOH:1230:O	B:HOH:1136:O
0	wb2	A:VAL:405:O	B:GLY:291:N	A:HOH:1265:O	B:HOH:1128:O
0	wb2	A:VAL:405:O	B:ASP:295:OD2	A:HOH:1265:O	B:HOH:1128:O
0	wb	A:ASN:396:OD1	B:ARG:262:NH1	A:HOH:1287:O
0	wb	A:GLY:410:O	B:ARG:262:NH1	A:HOH:1287:O
0	wb	A:ASN:396:OD1	B:ARG:288:O	A:HOH:1287:O
0	wb	A:ASN:396:OD1	B:ARG:262:NE	A:HOH:1287:O
0	wb	A:GLY:410:O	B:ARG:288:O	A:HOH:1287:O
0	wb	A:GLY:410:O	B:ARG:262:NE	A:HOH:1287:O
0	wb2	A:ASP:389:OD1	B:ARG:288:NH2	A:HOH:1297:O	A:HOH:1308:O
0	wb2	A:ASP:389:OD1	B:ARG:288:NH2	A:HOH:1297:O	B:HOH:1135:O
0	wb2	A:ASP:389:OD1	B:ARG:262:O	A:HOH:1297:O	B:HOH:1135:O
0	wb2	A:ARG:288:NH2	B:ASP:389:OD1	A:HOH:1306:O	B:HOH:1216:O
0	wb2	A:ARG:288:NH2	B:LYS:393:NZ	A:HOH:1306:O	B:HOH:1119:O
0	wb2	A:ARG:288:NH2	B:ASP:389:OD2	A:HOH:1306:O	B:HOH:1119:O
0	wb	A:ASP:389:OD1	B:ARG:288:NH2	A:HOH:1308:O
0	wb	A:ARG:408:NH1	B:GLY:291:O	B:HOH:1124:O
0	wb	A:ARG:408:NH1	B:ASP:255:OD1	B:HOH:1124:O
0	wb	A:ASN:396:ND2	B:ARG:288:NH2	B:HOH:1135:O
0	wb	A:ASN:396:ND2	B:ARG:262:O	B:HOH:1135:O
0	wb	A:ARG:408:NH1	B:ASP:255:OD2	B:HOH:1136:O
0	wb2	A:LEU:263:O	B:VAL:318:O	B:HOH:1139:O	B:HOH:1179:O
0	wb2	A:LEU:263:O	B:GLU:320:OE1	B:HOH:1139:O	B:HOH:1179:O
0	wb2	A:ARG:288:NE	B:ASP:389:OD1	B:HOH:1141:O	B:HOH:1216:O
0	wb	A:ARG:288:NE	B:GLU:411:OE2	B:HOH:1141:O
0	lwb2	A:EDO:1004:O2	B:ASP:255:N	B:HOH:1165:O	B:HOH:1173:O
0	lwb2	A:EDO:1004:O2	B:ASN:252:O	B:HOH:1165:O	B:HOH:1173:O
0	lwb2	A:EDO:1004:O2	B:GLU:251:O	B:HOH:1165:O	B:HOH:1173:O
0	lwb2	A:EDO:1004:O2	B:GLY:254:N	B:HOH:1165:O	B:HOH:1173:O
0	lwb	A:EDO:1004:O2	B:PHE:256:N	B:HOH:1165:O
0	lwb	A:EDO:1004:O2	B:ASN:252:O	B:HOH:1165:O
0	lwb	A:EDO:1004:O2	B:ASP:255:N	B:HOH:1165:O
0	wb	A:GLU:320:OE1	B:LEU:263:O	B:HOH:1168:O
0	wb	A:LYS:393:NZ	B:LEU:263:O	B:HOH:1168:O
0	wb	A:LEU:263:O	B:GLU:320:OE1	B:HOH:1179:O
0	wb	A:LEU:263:O	B:LYS:393:NZ	B:HOH:1179:O
0	wb	A:GLN:289:NE2	B:GLU:411:N	B:HOH:1180:O
0	wb	A:ASP:255:OD2	B:MET:400:O	B:HOH:1181:O
0	wb	A:ARG:288:O	B:GLY:410:O	B:HOH:1196:O
0	wb	A:ARG:288:O	B:ASN:396:OD1	B:HOH:1196:O
0	wb	A:ARG:262:NE	B:GLY:410:O	B:HOH:1196:O
0	wb	A:ARG:262:NH1	B:GLY:410:O	B:HOH:1196:O
0	wb	A:ARG:262:NE	B:ASN:396:OD1	B:HOH:1196:O
0	wb	A:ARG:262:NH1	B:ASN:396:OD1	B:HOH:1196:O
0	wb2	A:SER:399:OG	B:ARG:262:NH1	A:HOH:1109:O	A:HOH:1220:O
0	wb2	A:ARG:412:N	B:ARG:262:NH1	A:HOH:1109:O	A:HOH:1220:O
0	wb2	A:ASN:396:OD1	B:ARG:262:NH1	A:HOH:1109:O	A:HOH:1220:O
0	wb2	A:GLY:410:O	B:ARG:262:NH1	A:HOH:1109:O	A:HOH:1220:O
0	wb	A:ARG:408:O	B:ARG:262:NH1	A:HOH:1109:O
0	wb2	A:GLN:407:O	B:ARG:262:NH1	A:HOH:1109:O	A:HOH:1121:O
0	wb2	A:CME:409:O	B:ARG:262:NH1	A:HOH:1109:O	A:HOH:1121:O
0	wb	A:GLY:410:O	B:ARG:262:NH1	A:HOH:1109:O
0	wb2	A:ASP:389:OD2	B:ARG:288:NH2	A:HOH:1110:O	A:HOH:1308:O
0	wb2	A:LYS:393:NZ	B:ARG:288:NH2	A:HOH:1110:O	A:HOH:1308:O
0	lwb2	A:EDO:1004:O2	B:MET:400:O	A:HOH:1118:O	B:HOH:1181:O
0	wb2	A:SER:259:OG	B:MET:400:O	A:HOH:1118:O	B:HOH:1181:O
0	wb2	A:ARG:288:NH2	B:ASP:389:OD1	A:HOH:1142:O	B:HOH:1216:O
0	wb	A:ARG:288:NH2	B:ASN:396:ND2	A:HOH:1142:O
0	wb2	A:ARG:288:NE	B:ASP:389:OD1	A:HOH:1142:O	B:HOH:1216:O
0	wb2	A:ARG:262:O	B:ASP:389:OD1	A:HOH:1142:O	B:HOH:1216:O
0	wb	A:ARG:288:NE	B:ASN:396:ND2	A:HOH:1142:O
0	wb	A:ARG:262:O	B:ASN:396:ND2	A:HOH:1142:O
0	wb2	A:MET:400:O	B:SER:259:OG	A:HOH:1150:O	A:HOH:1154:O
0	lwb2	A:EDO:1004:O1	B:ASP:255:OD2	A:HOH:1150:O	A:HOH:1154:O
0	wb	A:MET:400:O	B:ASP:255:OD2	A:HOH:1150:O
0	lwb	A:EDO:1004:O1	B:SER:259:OG	A:HOH:1154:O
0	wb2	A:GLU:320:OE1	B:LYS:264:NZ	A:HOH:1157:O	B:HOH:1168:O
0	wb2	A:LYS:393:NZ	B:LYS:264:NZ	A:HOH:1157:O	B:HOH:1168:O
0	wb2	A:VAL:318:O	B:LEU:263:O	A:HOH:1157:O	B:HOH:1168:O
0	wb	A:VAL:318:O	B:LYS:264:NZ	A:HOH:1157:O
0	wb	A:GLY:291:O	B:ARG:408:NH1	A:HOH:1166:O
0	wb	A:ASP:255:OD1	B:ARG:408:NH1	A:HOH:1166:O
0	hp	A:LEU:263:CD1	B:PHE:256:CE2
0	hp	A:LEU:263:CD1	B:PHE:256:CZ
0	hp	A:LEU:263:CD2	B:PHE:397:CD1
0	hp	A:PHE:256:CD2	B:PHE:256:CD1
0	hp	A:PHE:256:CD2	B:PHE:256:CE1
0	hp	A:PHE:256:CE2	B:PHE:256:CD1
0	hp	A:PHE:256:CE2	B:PHE:256:CE1
0	hp	A:PHE:256:CE2	B:PHE:256:CZ
0	hp	A:PHE:260:CE2	B:PHE:260:CE2
0	hp	A:PHE:256:CE1	B:LEU:263:CD1
0	hp	A:PHE:256:CZ	B:LEU:263:CD1
0	hp	A:PHE:256:CZ	B:PHE:256:CE1
0	hp	A:PHE:397:CD1	B:LEU:263:CD2
0	hp	A:PHE:319:CD1	B:LEU:263:CD2
0	hp	A:PHE:319:CE1	B:LEU:263:CD2
